// Jest Snapshot v1, https://goo.gl/fbAQLP

exports[`test Home page should take snapshot before api call 1`] = `
<h1
  data-testid="loading"
>
  Loading...
</h1>
`;
